How to use
----------

Run "npm install" inside this project folder to install all dependencies.

Make sure you use the latest version of the CLI (upgrade guide below)

Run "ng serve" to see the app in action (try "npm start" in case "ng serve" fails).

Feel free to compare it with your project code to spot any errors you might have.

Start the server by typing:



npm run start:server
/Volumes/.System/Program Files/MongoDB/Server/3.4/bin


https://mlab.com/databases/smartlistmean#collections
USER:
Aharon.work.mail@gmail.com

Database: smartlistmean
Database Users: 
{
    "_id": "smartlistmean.smartlistmean",
    "user": "smartlistmean",
    "db": "smartlistmean",
    "roles": [
        {
            "role": "dbOwner",
            "db": "smartlistmean"
        }
    ]
}
Password: Mazda5Gray



-------------------------------------------


npm i @angular/cli
npm install -g @angular/cli
npm install typescript -g
ng update –all 
npm i @types/node
npm i cors –save

cd D:\_Private\CollegeOfMang\Angular\
git clone https://github.com/AharonED/SmartListMEAN.git
git init
git remote add origin https://github.com/AharonED/SmartListMEAN.git
git remote –v
git config --global user.mail aharon@ald.co.il
D:\_Private\CollegeOfMang\Angular\SmartListMEAN> git branch --set-upstream-to=origin/master

Start Priject:
---------------------------
Terminal1:
E:\_Private\MEAN\SmartListMEAN>cd smartlist
(E:\_Private\MEAN\SmartListMEAN\smartlist> npm i cors –save ????)
(E:\_Private\MEAN\SmartListMEAN\smartlist> npm install init)
E:\_Private\MEAN\SmartListMEAN\smartlist> npm run start:server
Terminal2:
E:\_Private\MEAN\SmartListMEAN>cd smartlist
PS E:\_Private\MEAN\SmartListMEAN\smartlist> npm start




MONGO
------------------------
C:\Program Files\MongoDB\Server\4.0\bin> mongo ds026658.mlab.com:26658/smartlistmean -u smartlistmean -p Mazda5Gray


ds026658.mlab.com:26658
mongodb://<dbuser>:<dbpassword>@ds026658.mlab.com:26658/smartlistmean
mongodb://smartlistmean:Mazda5Gray@ds026658.mlab.com:26658/smartlistmean", { useNewUrlParser: true }


mongodb://<dbuser>:<dbpassword>@ds026658.mlab.com:26658/smartlistmean


Firebase
---------------------
https://console.firebase.google.com/?pli=1
https://console.firebase.google.com/project/smartlistios-7a38f/database/smartlistios-7a38f/data
https://console.firebase.google.com/project/smartlistios-7a38f/authentication/users


BingMaps
----------------
npm i bingmaps
npm install -g bingmaps
npm install --save @types/bingmaps

----
I just tested both locally & on stackblitz and realized that there are some library dependencies you have to install in order to make angular-maps work. I received the same error as you but once I installed the libraries the error was gone.

Your package.json should contain these libraries:
"@types/bingmaps": "0.0.1",
"angular-maps": "^6.0.1",
"async": "^2.5.0",
"bingmaps": "^2.0.3",
"core-js": "^2.5.4",
"font-awesome": "^4.6.3",
"json-loader": "^0.5.7", 

so you need to install them
npm install --save angular-maps
npm install --save bingmaps
npm install --save @types/bingmaps
npm install --save async@2.5.0
npm install --save json-loader

I included font-awesome as external link in index.html:
<link href="https://cdnjs.cloudflare.com/ajax/libs/font-awesome/4.6.3/css/font-awesome.min.css" rel="stylesheet" />

On app.module.ts include this as well as on app.component.ts:
import {
    MapModule,
    MapAPILoader,
    MarkerTypeId,
    IMapOptions,
    IBox,
    IMarkerIconInfo,
    WindowRef,
    DocumentRef,
    MapServiceFactory,
    BingMapAPILoaderConfig,
    BingMapAPILoader,
    GoogleMapAPILoader,
    GoogleMapAPILoaderConfig
} from 'angular-maps';

If you check also on stackblitz you can see on dependencies which extra libraries are used


/// <reference path="types/MicrosoftMaps/CustomMapStyles.d.ts" />
/// <reference path="types/MicrosoftMaps/Microsoft.Maps.d.ts" />


<script type='text/javascript' src='https://www.bing.com/api/maps/mapcontrol?callback=GetMap&key=[Your_Bing_Maps_Key]' async defer></script>




